<?xml version="1.0"?>
<testsuites tests="2" failures="1">
<testsuite name="k6 thresholds" tests="2" failures="1"><testcase name="http_req_failed - rate&lt;0.01"><failure message="failed" /></testcase>
<testcase name="http_req_duration - p(95)&lt;50" />
</testsuite >
</testsuites >